// Jest Snapshot v1, https://goo.gl/fbAQLP

exports[`EmailInputComponent renders correctly 1`] = `
<inputcomponent-stub
  id=""
  placeholder=""
  type="email"
/>
`;
