// Jest Snapshot v1, https://goo.gl/fbAQLP

exports[`Logo Component renders correctly 1`] = `
<img
  alt="Karumi logo"
  src="../assets/logo.png"
/>
`;
