// Jest Snapshot v1, https://goo.gl/fbAQLP

exports[`PasswordInputComponent renders correctly 1`] = `
<inputcomponent-stub
  placeholder=""
  type="password"
/>
`;
