// Jest Snapshot v1, https://goo.gl/fbAQLP

exports[`Login View renders correctly 1`] = `
<div
  class="login"
>
  <div
    class="logo"
  >
    <logocomponent-stub />
  </div>
   
  <div
    class="content"
  >
    <emailinputcomponent-stub
      class="mb-3"
      id="username"
      placeholder="Username"
      value=""
    />
     
    <passwordinputcomponent-stub
      class="mb-5"
      id="password"
      placeholder="Password"
      value=""
    />
     
    <span
      class="mb-5 error hidden"
    >
      
      The username or password youâ€™ve entered is incorrect
    
    </span>
     
    <buttoncomponent-stub
      id="btnLogin"
      name="Login"
    />
  </div>
</div>
`;
